Simulation Parameters
=====================


## WakeSolver Logs ##
{
  "ti": 1.4258066047367567e-09,
  "q": 1e-09,
  "sigmaz": 0.05,
  "beta": 1.0,
  "xsource": 0.0,
  "ysource": 0.0,
  "xtest": 0.0,
  "ytest": 0.0,
  "chargedist": null,
  "skip_cells": 30,
  "results_folder": "clara_data/SCS_opening_6L2/012_results_noContactSCS_opening_27M/",
  "wakelength": 30.0,
  "simulationTime": 6502.964285135269
}

## Solver Logs ##
{
  "use_gpu": true,
  "use_mpi": false,
  "background": "vacuum",
  "bc_low": [
    "pec",
    "pec",
    "pml"
  ],
  "bc_high": [
    "pec",
    "pec",
    "pml"
  ],
  "n_pml": 10,
  "dt": "1.270957e-12",
  "solverInitializationTime": 82.66103601455688
}

## Grid Logs ##
{
  "Nx": 300,
  "Ny": 300,
  "Nz": 320,
  "dx": [
    0.0008433333287636569,
    0.0008433333287636291,
    0.0008433333287636569,
    0.0008433333287636291,
    0.0008433333287636569,
    0.0008433333287636291,
    0.0008433333287636569,
    0.0008433333287636291,
    0.0008433333287636569,
    0.0008433333287636291,
    0.0008433333287636569,
    0.0008433333287636291,
    0.0008433333287636569,
    0.0008433333287636569,
    0.0008433333287636291,
    0.0008433333287636569,
    0.0008433333287636291,
    0.0008433333287636569,
    0.0008433333287636291,
    0.0008433333287636569,
    0.0008433333287636291,
    0.0008433333287636569,
    0.0008433333287636291,
    0.0008433333287636569,
    0.0008433333287636291,
    0.0008433333287636569,
    0.0008433333287636291,
    0.0008433333287636569,
    0.0008433333287636569,
    0.0008433333287636291,
    0.0008433333287636569,
    0.0008433333287636291,
    0.000843333328763643,
    0.000843333328763643,
    0.0008433333287636569,
    0.0008433333287636291,
    0.0008433333287636569,
    0.0008433333287636291,
    0.0008433333287636569,
    0.000843333328763643,
    0.000843333328763643,
    0.000843333328763643,
    0.000843333328763643,
    0.000843333328763643,
    0.000843333328763643,
    0.000843333328763643,
    0.000843333328763643,
    0.0008433333287636569,
    0.0008433333287636291,
    0.0008433333287636569,
    0.0008433333287636291,
    0.0008433333287636569,
    0.0008433333287636291,
    0.0008433333287636569,
    0.000843333328763643,
    0.000843333328763643,
    0.000843333328763643,
    0.000843333328763643,
    0.000843333328763643,
    0.000843333328763643,
    0.0008433333287636569,
    0.0008433333287636291,
    0.0008433333287636569,
    0.0008433333287636291,
    0.0008433333287636569,
    0.0008433333287636291,
    0.0008433333287636569,
    0.000843333328763643,
    0.000843333328763643,
    0.000843333328763643,
    0.000843333328763643,
    0.000843333328763643,
    0.000843333328763643,
    0.000843333328763643,
    0.000843333328763643,
    0.000843333328763643,
    0.000843333328763643,
    0.000843333328763643,
    0.0008433333287636569,
    0.000843333328763643,
    0.000843333328763643,
    0.000843333328763643,
    0.000843333328763643,
    0.000843333328763643,
    0.000843333328763643,
    0.000843333328763643,
    0.000843333328763643,
    0.000843333328763643,
    0.000843333328763643,
    0.000843333328763643,
    0.000843333328763643,
    0.000843333328763643,
    0.0008433333287636569,
    0.000843333328763643,
    0.000843333328763643,
    0.000843333328763643,
    0.000843333328763643,
    0.000843333328763643,
    0.000843333328763643,
    0.000843333328763643,
    0.000843333328763643,
    0.000843333328763643,
    0.000843333328763643,
    0.000843333328763643,
    0.000843333328763643,
    0.000843333328763643,
    0.0008433333287636569,
    0.000843333328763643,
    0.000843333328763643,
    0.000843333328763643,
    0.000843333328763643,
    0.000843333328763643,
    0.000843333328763643,
    0.000843333328763643,
    0.000843333328763643,
    0.000843333328763643,
    0.000843333328763643,
    0.000843333328763643,
    0.000843333328763643,
    0.000843333328763643,
    0.0008433333287636569,
    0.000843333328763643,
    0.000843333328763643,
    0.000843333328763643,
    0.000843333328763643,
    0.000843333328763643,
    0.000843333328763643,
    0.000843333328763643,
    0.000843333328763643,
    0.000843333328763643,
    0.000843333328763643,
    0.000843333328763643,
    0.000843333328763643,
    0.000843333328763643,
    0.000843333328763643,
    0.0008433333287636569,
    0.000843333328763643,
    0.000843333328763643,
    0.000843333328763643,
    0.000843333328763643,
    0.000843333328763643,
    0.000843333328763643,
    0.000843333328763643,
    0.000843333328763643,
    0.000843333328763643,
    0.000843333328763643,
    0.000843333328763643,
    0.000843333328763643,
    0.0008433333287636569,
    0.0008433333287636291,
    0.0008433333287636569,
    0.0008433333287636291,
    0.0008433333287636569,
    0.0008433333287636291,
    0.0008433333287636569,
    0.0008433333287636291,
    0.0008433333287636569,
    0.0008433333287636569,
    0.0008433333287636291,
    0.0008433333287636569,
    0.0008433333287636291,
    0.0008433333287636569,
    0.0008433333287636291,
    0.0008433333287636569,
    0.0008433333287636291,
    0.0008433333287636569,
    0.0008433333287636291,
    0.0008433333287636569,
    0.0008433333287636291,
    0.0008433333287636569,
    0.0008433333287636569,
    0.0008433333287636291,
    0.0008433333287636569,
    0.0008433333287636291,
    0.0008433333287636569,
    0.0008433333287636291,
    0.0008433333287636569,
    0.0008433333287636291,
    0.0008433333287636569,
    0.0008433333287636291,
    0.0008433333287636569,
    0.0008433333287636291,
    0.0008433333287636569,
    0.0008433333287636291,
    0.0008433333287636569,
    0.0008433333287636569,
    0.0008433333287636291,
    0.0008433333287636569,
    0.0008433333287636291,
    0.0008433333287636569,
    0.0008433333287636291,
    0.0008433333287636569,
    0.0008433333287636291,
    0.0008433333287636569,
    0.0008433333287636291,
    0.0008433333287636569,
    0.0008433333287636291,
    0.0008433333287636569,
    0.0008433333287636291,
    0.0008433333287636569,
    0.0008433333287636569,
    0.0008433333287636291,
    0.0008433333287636569,
    0.0008433333287636291,
    0.0008433333287636569,
    0.0008433333287636291,
    0.0008433333287636569,
    0.0008433333287636291,
    0.0008433333287636569,
    0.0008433333287636291,
    0.0008433333287636569,
    0.0008433333287636291,
    0.0008433333287636569,
    0.0008433333287636569,
    0.0008433333287636291,
    0.0008433333287636569,
    0.0008433333287636291,
    0.0008433333287636569,
    0.0008433333287636291,
    0.0008433333287636569,
    0.0008433333287636291,
    0.0008433333287636569,
    0.0008433333287636291,
    0.0008433333287636569,
    0.0008433333287636291,
    0.0008433333287636569,
    0.0008433333287636291,
    0.0008433333287636569,
    0.0008433333287636569,
    0.0008433333287636291,
    0.0008433333287636569,
    0.0008433333287636291,
    0.0008433333287636569,
    0.0008433333287636291,
    0.0008433333287636569,
    0.0008433333287636291,
    0.0008433333287636569,
    0.0008433333287636291,
    0.0008433333287636569,
    0.0008433333287636291,
    0.0008433333287636569,
    0.0008433333287636569,
    0.0008433333287636291,
    0.0008433333287636569,
    0.0008433333287636291,
    0.0008433333287636569,
    0.0008433333287636291,
    0.0008433333287636569,
    0.0008433333287636291,
    0.0008433333287636569,
    0.0008433333287636291,
    0.0008433333287636569,
    0.0008433333287636291,
    0.0008433333287636569,
    0.0008433333287636291,
    0.0008433333287636569,
    0.0008433333287636569,
    0.0008433333287636291,
    0.0008433333287636569,
    0.0008433333287636291,
    0.0008433333287636569,
    0.0008433333287636291,
    0.0008433333287636569,
    0.0008433333287636291,
    0.0008433333287636569,
    0.0008433333287636291,
    0.0008433333287636569,
    0.0008433333287636291,
    0.0008433333287636569,
    0.0008433333287636291,
    0.0008433333287636569,
    0.0008433333287636569,
    0.0008433333287636291,
    0.0008433333287636569,
    0.0008433333287636291,
    0.0008433333287636569,
    0.0008433333287636291,
    0.0008433333287636569,
    0.0008433333287636291,
    0.0008433333287636569,
    0.0008433333287636291,
    0.0008433333287636569,
    0.0008433333287636291,
    0.0008433333287636569,
    0.0008433333287636569,
    0.0008433333287636291,
    0.0008433333287636569,
    0.0008433333287636291,
    0.0008433333287636569,
    0.0008433333287636291,
    0.0008433333287636569,
    0.0008433333287636291,
    0.0008433333287636569,
    0.0008433333287636291,
    0.0008433333287636569,
    0.0008433333287636291,
    0.0008433333287636291,
    0.0008433333287636846,
    0.0008433333287636291,
    0.0008433333287636291
  ],
  "dy": [
    0.0009883325050274588,
    0.000988332505027445,
    0.0009883325050274588,
    0.000988332505027445,
    0.0009883325050274588,
    0.0009883325050274588,
    0.000988332505027445,
    0.0009883325050274588,
    0.000988332505027445,
    0.0009883325050274588,
    0.000988332505027445,
    0.0009883325050274588,
    0.0009883325050274588,
    0.000988332505027445,
    0.0009883325050274588,
    0.0009883325050274588,
    0.000988332505027445,
    0.0009883325050274588,
    0.000988332505027445,
    0.0009883325050274588,
    0.000988332505027445,
    0.0009883325050274588,
    0.0009883325050274588,
    0.000988332505027445,
    0.0009883325050274588,
    0.0009883325050274588,
    0.000988332505027445,
    0.000988332505027445,
    0.0009883325050274588,
    0.0009883325050274588,
    0.000988332505027445,
    0.0009883325050274588,
    0.0009883325050274588,
    0.000988332505027445,
    0.0009883325050274588,
    0.0009883325050274588,
    0.000988332505027445,
    0.000988332505027445,
    0.0009883325050274588,
    0.0009883325050274588,
    0.000988332505027445,
    0.0009883325050274588,
    0.0009883325050274588,
    0.000988332505027445,
    0.000988332505027445,
    0.0009883325050274727,
    0.000988332505027445,
    0.000988332505027445,
    0.0009883325050274588,
    0.000988332505027452,
    0.0009883325050274588,
    0.000988332505027452,
    0.000988332505027452,
    0.000988332505027452,
    0.000988332505027452,
    0.000988332505027452,
    0.0009883325050274588,
    0.000988332505027452,
    0.000988332505027452,
    0.000988332505027452,
    0.000988332505027452,
    0.0009883325050274588,
    0.000988332505027452,
    0.000988332505027452,
    0.0009883325050274588,
    0.000988332505027445,
    0.0009883325050274588,
    0.000988332505027445,
    0.0009883325050274588,
    0.0009883325050274588,
    0.000988332505027445,
    0.0009883325050274588,
    0.000988332505027445,
    0.0009883325050274588,
    0.0009883325050274588,
    0.000988332505027445,
    0.0009883325050274588,
    0.000988332505027445,
    0.0009883325050274588,
    0.0009883325050274588,
    0.000988332505027445,
    0.0009883325050274588,
    0.000988332505027445,
    0.0009883325050274588,
    0.000988332505027445,
    0.0009883325050274588,
    0.0009883325050274588,
    0.000988332505027445,
    0.0009883325050274588,
    0.000988332505027445,
    0.0009883325050274588,
    0.0009883325050274588,
    0.000988332505027445,
    0.0009883325050274588,
    0.000988332505027445,
    0.0009883325050274588,
    0.0009883325050274588,
    0.000988332505027445,
    0.0009883325050274588,
    0.000988332505027445,
    0.0009883325050274588,
    0.0009883325050274588,
    0.000988332505027445,
    0.0009883325050274588,
    0.000988332505027445,
    0.0009883325050274588,
    0.0009883325050274588,
    0.000988332505027445,
    0.0009883325050274588,
    0.000988332505027445,
    0.0009883325050274588,
    0.000988332505027445,
    0.0009883325050274588,
    0.0009883325050274588,
    0.000988332505027445,
    0.0009883325050274588,
    0.000988332505027445,
    0.0009883325050274588,
    0.0009883325050274588,
    0.000988332505027445,
    0.0009883325050274588,
    0.000988332505027445,
    0.0009883325050274588,
    0.0009883325050274588,
    0.000988332505027445,
    0.0009883325050274588,
    0.0009883325050274588,
    0.000988332505027445,
    0.000988332505027445,
    0.0009883325050274727,
    0.000988332505027445,
    0.000988332505027445,
    0.000988332505027445,
    0.0009883325050274727,
    0.000988332505027445,
    0.000988332505027445,
    0.0009883325050274727,
    0.000988332505027445,
    0.000988332505027445,
    0.0009883325050274727,
    0.000988332505027445,
    0.000988332505027445,
    0.000988332505027445,
    0.0009883325050274727,
    0.000988332505027445,
    0.000988332505027445,
    0.0009883325050274727,
    0.000988332505027445,
    0.000988332505027445,
    0.0009883325050274727,
    0.000988332505027445,
    0.000988332505027445,
    0.000988332505027445,
    0.0009883325050274727,
    0.000988332505027445,
    0.000988332505027445,
    0.0009883325050274727,
    0.000988332505027445,
    0.000988332505027445,
    0.0009883325050274727,
    0.000988332505027445,
    0.000988332505027445,
    0.000988332505027445,
    0.0009883325050274727,
    0.000988332505027445,
    0.000988332505027445,
    0.0009883325050274727,
    0.000988332505027445,
    0.000988332505027445,
    0.000988332505027445,
    0.0009883325050274727,
    0.000988332505027445,
    0.000988332505027445,
    0.0009883325050274727,
    0.000988332505027445,
    0.000988332505027445,
    0.0009883325050274727,
    0.000988332505027445,
    0.000988332505027445,
    0.000988332505027445,
    0.0009883325050274727,
    0.000988332505027445,
    0.000988332505027445,
    0.0009883325050274727,
    0.000988332505027445,
    0.000988332505027445,
    0.0009883325050274727,
    0.000988332505027445,
    0.000988332505027445,
    0.000988332505027445,
    0.0009883325050274727,
    0.000988332505027445,
    0.000988332505027445,
    0.0009883325050274727,
    0.000988332505027445,
    0.000988332505027445,
    0.000988332505027445,
    0.0009883325050274727,
    0.000988332505027445,
    0.000988332505027445,
    0.0009883325050274727,
    0.000988332505027445,
    0.000988332505027445,
    0.0009883325050274727,
    0.000988332505027445,
    0.000988332505027445,
    0.000988332505027445,
    0.0009883325050274727,
    0.000988332505027445,
    0.000988332505027445,
    0.0009883325050274727,
    0.000988332505027445,
    0.000988332505027445,
    0.0009883325050274727,
    0.000988332505027445,
    0.000988332505027445,
    0.000988332505027445,
    0.0009883325050274727,
    0.000988332505027445,
    0.000988332505027445,
    0.0009883325050274727,
    0.000988332505027445,
    0.000988332505027445,
    0.000988332505027445,
    0.0009883325050274727,
    0.000988332505027445,
    0.000988332505027445,
    0.0009883325050274727,
    0.000988332505027445,
    0.000988332505027445,
    0.0009883325050274727,
    0.000988332505027445,
    0.000988332505027445,
    0.000988332505027445,
    0.0009883325050274727,
    0.000988332505027445,
    0.000988332505027445,
    0.0009883325050274727,
    0.000988332505027445,
    0.000988332505027445,
    0.0009883325050274727,
    0.000988332505027445,
    0.000988332505027445,
    0.000988332505027445,
    0.0009883325050274727,
    0.000988332505027445,
    0.000988332505027445,
    0.0009883325050274727,
    0.000988332505027445,
    0.000988332505027445,
    0.0009883325050274727,
    0.000988332505027445,
    0.0009883325050274727,
    0.000988332505027445,
    0.000988332505027445,
    0.000988332505027445,
    0.000988332505027445,
    0.000988332505027445,
    0.000988332505027445,
    0.0009883325050275005,
    0.000988332505027445,
    0.000988332505027445,
    0.000988332505027445,
    0.000988332505027445,
    0.000988332505027445,
    0.000988332505027445,
    0.0009883325050275005,
    0.000988332505027445,
    0.000988332505027445,
    0.000988332505027445,
    0.000988332505027445,
    0.000988332505027445,
    0.0009883325050275005,
    0.000988332505027445,
    0.000988332505027445,
    0.000988332505027445,
    0.000988332505027445,
    0.000988332505027445,
    0.000988332505027445,
    0.0009883325050275005,
    0.000988332505027445,
    0.000988332505027445,
    0.000988332505027445,
    0.000988332505027445,
    0.000988332505027445,
    0.000988332505027445,
    0.0009883325050275005,
    0.000988332505027445,
    0.000988332505027445,
    0.000988332505027445,
    0.000988332505027445,
    0.000988332505027445,
    0.000988332505027445,
    0.0009883325050275005,
    0.000988332505027445,
    0.000988332505027445,
    0.000988332505027445,
    0.000988332505027445,
    0.000988332505027445,
    0.000988332505027445
  ],
  "dz": [
    0.001028500000635783,
    0.001028500000635783,
    0.001028500000635783,
    0.001028500000635783,
    0.001028500000635783,
    0.001028500000635783,
    0.001028500000635783,
    0.001028500000635783,
    0.001028500000635783,
    0.001028500000635783,
    0.001028500000635783,
    0.001028500000635783,
    0.001028500000635783,
    0.001028500000635783,
    0.001028500000635783,
    0.001028500000635783,
    0.0010285000006357847,
    0.0010285000006357813,
    0.0010285000006357813,
    0.0010285000006357847,
    0.0010285000006357847,
    0.0010285000006357813,
    0.0010285000006357813,
    0.0010285000006357847,
    0.0010285000006357847,
    0.0010285000006357813,
    0.0010285000006357813,
    0.0010285000006357847,
    0.0010285000006357847,
    0.0010285000006357813,
    0.0010285000006357813,
    0.0010285000006357847,
    0.0010285000006357847,
    0.0010285000006357847,
    0.0010285000006357778,
    0.0010285000006357847,
    0.0010285000006357847,
    0.0010285000006357778,
    0.0010285000006357847,
    0.0010285000006357847,
    0.0010285000006357813,
    0.0010285000006357847,
    0.0010285000006357847,
    0.0010285000006357847,
    0.0010285000006357847,
    0.0010285000006357709,
    0.0010285000006357847,
    0.0010285000006357847,
    0.0010285000006357847,
    0.0010285000006357847,
    0.0010285000006357847,
    0.0010285000006357847,
    0.0010285000006357847,
    0.0010285000006357709,
    0.0010285000006357847,
    0.0010285000006357847,
    0.0010285000006357847,
    0.0010285000006357847,
    0.0010285000006357847,
    0.0010285000006357847,
    0.0010285000006357709,
    0.0010285000006357847,
    0.0010285000006357847,
    0.0010285000006357847,
    0.0010285000006357847,
    0.0010285000006357847,
    0.0010285000006357847,
    0.0010285000006357847,
    0.0010285000006357709,
    0.0010285000006357847,
    0.0010285000006357847,
    0.0010285000006357847,
    0.0010285000006357847,
    0.0010285000006357847,
    0.0010285000006357847,
    0.0010285000006357709,
    0.0010285000006357847,
    0.0010285000006357847,
    0.0010285000006357847,
    0.0010285000006357847,
    0.0010285000006357847,
    0.0010285000006357847,
    0.0010285000006357847,
    0.0010285000006357847,
    0.0010285000006357709,
    0.0010285000006357847,
    0.0010285000006357847,
    0.0010285000006357847,
    0.0010285000006357847,
    0.0010285000006357847,
    0.0010285000006357847,
    0.0010285000006357709,
    0.0010285000006357847,
    0.0010285000006357847,
    0.0010285000006357847,
    0.0010285000006357847,
    0.0010285000006357847,
    0.0010285000006357847,
    0.0010285000006357847,
    0.0010285000006357847,
    0.0010285000006357709,
    0.0010285000006357847,
    0.0010285000006357847,
    0.0010285000006357847,
    0.0010285000006357847,
    0.0010285000006357847,
    0.0010285000006357847,
    0.0010285000006357709,
    0.0010285000006357847,
    0.0010285000006357847,
    0.0010285000006357847,
    0.0010285000006357847,
    0.0010285000006357847,
    0.0010285000006357847,
    0.0010285000006357847,
    0.0010285000006357847,
    0.0010285000006357709,
    0.0010285000006357847,
    0.0010285000006357847,
    0.0010285000006357847,
    0.0010285000006357847,
    0.0010285000006357709,
    0.0010285000006357847,
    0.0010285000006357847,
    0.0010285000006357847,
    0.0010285000006357847,
    0.0010285000006357847,
    0.0010285000006357847,
    0.0010285000006357847,
    0.0010285000006357847,
    0.0010285000006357847,
    0.0010285000006357986,
    0.0010285000006357847,
    0.0010285000006357847,
    0.0010285000006357847,
    0.0010285000006357847,
    0.001028500000635757,
    0.0010285000006357847,
    0.0010285000006357847,
    0.0010285000006357847,
    0.0010285000006357847,
    0.0010285000006357847,
    0.0010285000006357847,
    0.0010285000006357847,
    0.0010285000006357847,
    0.0010285000006357847,
    0.0010285000006357847,
    0.0010285000006357847,
    0.0010285000006357847,
    0.0010285000006357847,
    0.0010285000006357847,
    0.001028500000635757,
    0.0010285000006357847,
    0.0010285000006357847,
    0.0010285000006357847,
    0.0010285000006357847,
    0.0010285000006357847,
    0.0010285000006357847,
    0.0010285000006357847,
    0.0010285000006357847,
    0.0010285000006357847,
    0.0010285000006357847,
    0.0010285000006357847,
    0.0010285000006357847,
    0.0010285000006357847,
    0.0010285000006357847,
    0.0010285000006357847,
    0.0010285000006357847,
    0.001028500000635757,
    0.0010285000006357847,
    0.0010285000006357847,
    0.0010285000006357847,
    0.0010285000006357847,
    0.0010285000006357847,
    0.0010285000006357847,
    0.0010285000006357847,
    0.0010285000006357847,
    0.0010285000006357847,
    0.0010285000006357847,
    0.0010285000006357847,
    0.0010285000006357847,
    0.0010285000006357847,
    0.0010285000006357847,
    0.001028500000635757,
    0.0010285000006357847,
    0.0010285000006357847,
    0.0010285000006357847,
    0.0010285000006357847,
    0.0010285000006357847,
    0.0010285000006357847,
    0.0010285000006357847,
    0.0010285000006357847,
    0.0010285000006357847,
    0.0010285000006357847,
    0.0010285000006357847,
    0.0010285000006357847,
    0.0010285000006357847,
    0.0010285000006357847,
    0.0010285000006357847,
    0.0010285000006357847,
    0.001028500000635757,
    0.0010285000006357847,
    0.0010285000006357847,
    0.0010285000006357847,
    0.0010285000006357847,
    0.0010285000006357847,
    0.0010285000006357847,
    0.0010285000006357847,
    0.0010285000006357847,
    0.0010285000006357847,
    0.0010285000006357847,
    0.0010285000006357847,
    0.0010285000006357847,
    0.0010285000006357847,
    0.0010285000006357847,
    0.001028500000635757,
    0.0010285000006357847,
    0.0010285000006357847,
    0.0010285000006357847,
    0.0010285000006357847,
    0.0010285000006357847,
    0.0010285000006357847,
    0.0010285000006357847,
    0.0010285000006357847,
    0.0010285000006357847,
    0.0010285000006357847,
    0.0010285000006357847,
    0.0010285000006357847,
    0.0010285000006357847,
    0.0010285000006357847,
    0.0010285000006357847,
    0.0010285000006357847,
    0.001028500000635757,
    0.0010285000006357847,
    0.0010285000006357847,
    0.0010285000006357847,
    0.0010285000006357847,
    0.0010285000006357847,
    0.0010285000006357847,
    0.0010285000006357847,
    0.0010285000006357847,
    0.0010285000006357847,
    0.0010285000006357847,
    0.001028500000635757,
    0.0010285000006358125,
    0.001028500000635757,
    0.0010285000006358125,
    0.001028500000635757,
    0.0010285000006358125,
    0.001028500000635757,
    0.0010285000006358125,
    0.001028500000635757,
    0.0010285000006358125,
    0.0010285000006357292,
    0.0010285000006358125,
    0.001028500000635757,
    0.001028500000635757,
    0.0010285000006358125,
    0.001028500000635757,
    0.0010285000006358125,
    0.001028500000635757,
    0.0010285000006358125,
    0.001028500000635757,
    0.0010285000006358125,
    0.001028500000635757,
    0.0010285000006358125,
    0.001028500000635757,
    0.0010285000006358125,
    0.001028500000635757,
    0.0010285000006358125,
    0.001028500000635757,
    0.0010285000006358125,
    0.001028500000635757,
    0.001028500000635757,
    0.0010285000006358125,
    0.001028500000635757,
    0.0010285000006358125,
    0.001028500000635757,
    0.0010285000006358125,
    0.001028500000635757,
    0.0010285000006358125,
    0.001028500000635757,
    0.0010285000006358125,
    0.001028500000635757,
    0.0010285000006358125,
    0.001028500000635757,
    0.0010285000006358125,
    0.001028500000635757,
    0.001028500000635757,
    0.0010285000006358125,
    0.001028500000635757,
    0.0010285000006358125,
    0.001028500000635757,
    0.0010285000006358125,
    0.001028500000635757,
    0.0010285000006358125,
    0.001028500000635757,
    0.0010285000006358125,
    0.001028500000635757,
    0.0010285000006358125,
    0.001028500000635757,
    0.0010285000006358125,
    0.001028500000635757,
    0.001028500000635757,
    0.0010285000006358125,
    0.001028500000635757,
    0.0010285000006358125,
    0.001028500000635757,
    0.0010285000006358125,
    0.001028500000635757,
    0.0010285000006358125,
    0.001028500000635757,
    0.0010285000006358125,
    0.001028500000635757,
    0.0010285000006358125,
    0.001028500000635757,
    0.0010285000006358125,
    0.001028500000635757,
    0.0010285000006358125,
    0.001028500000635757
  ],
  "xmin": -0.15150000154972076,
  "xmax": 0.1014999970793724,
  "ymin": -0.11014974862337112,
  "ymax": 0.1863500028848648,
  "zmin": -0.01028500000635783,
  "zmax": 0.3188350001970927,
  "stl_solids": {
    "body": "notebooks/clara_stl/012_LHC_WVM_6L2-body.stl",
    "fingers": "notebooks/clara_stl/012_LHC_WVM_6L2-fingers.stl",
    "spring": "notebooks/clara_stl/012_LHC_WVM_6L2-spring.stl",
    "ttube": "notebooks/clara_stl/012_LHC_WVM_6L2-ttube.stl",
    "opening": "notebooks/clara_stl/012_LHC_WVM_6L2-opening.stl"
  },
  "stl_materials": {
    "body": [
      1400000.0,
      1.0,
      1400000.0
    ],
    "fingers": [
      1400000.0,
      1.0,
      1400000.0
    ],
    "spring": [
      1400000.0,
      1.0,
      1400000.0
    ],
    "ttube": [
      1400000.0,
      1.0,
      1400000.0
    ],
    "opening": [
      1.0,
      1.0,
      0.0
    ]
  },
  "stl_scale": 0.001,
  "use_mesh_refinement": false,
  "gridInitializationTime": 426.68895149230957
}
