Simulation Parameters
=====================


## WakeSolver Logs ##
{
  "ti": 1.4258066047367567e-09,
  "q": 1e-09,
  "sigmaz": 0.05,
  "beta": 1.0,
  "xsource": 0.0,
  "ysource": 0.0,
  "xtest": 0.0,
  "ytest": 0.0,
  "chargedist": null,
  "skip_cells": 30,
  "results_folder": "clara_data/SCS_opening_6L2/012_results_noContactSCS_opening_43M/",
  "wakelength": 30.0,
  "simulationTime": 11921.09984779358
}

## Solver Logs ##
{
  "use_gpu": true,
  "use_mpi": false,
  "background": "vacuum",
  "bc_low": [
    "pec",
    "pec",
    "pml"
  ],
  "bc_high": [
    "pec",
    "pec",
    "pml"
  ],
  "n_pml": 10,
  "dt": "1.0893916e-12",
  "solverInitializationTime": 155.31514859199524
}

## Grid Logs ##
{
  "Nx": 350,
  "Ny": 350,
  "Nz": 370,
  "dx": [
    0.0007228571389402694,
    0.0007228571389402694,
    0.0007228571389402694,
    0.0007228571389402694,
    0.0007228571389402416,
    0.0007228571389402694,
    0.0007228571389402694,
    0.0007228571389402694,
    0.0007228571389402694,
    0.0007228571389402694,
    0.0007228571389402694,
    0.0007228571389402694,
    0.0007228571389402416,
    0.0007228571389402694,
    0.0007228571389402694,
    0.0007228571389402694,
    0.0007228571389402694,
    0.0007228571389402694,
    0.0007228571389402694,
    0.0007228571389402694,
    0.0007228571389402694,
    0.0007228571389402694,
    0.0007228571389402416,
    0.0007228571389402694,
    0.0007228571389402694,
    0.0007228571389402694,
    0.0007228571389402694,
    0.0007228571389402694,
    0.0007228571389402694,
    0.0007228571389402694,
    0.0007228571389402416,
    0.0007228571389402694,
    0.0007228571389402694,
    0.0007228571389402694,
    0.0007228571389402694,
    0.0007228571389402694,
    0.0007228571389402694,
    0.0007228571389402694,
    0.0007228571389402555,
    0.0007228571389402694,
    0.0007228571389402694,
    0.0007228571389402555,
    0.0007228571389402694,
    0.0007228571389402694,
    0.0007228571389402694,
    0.0007228571389402694,
    0.0007228571389402694,
    0.0007228571389402555,
    0.0007228571389402694,
    0.0007228571389402555,
    0.0007228571389402694,
    0.0007228571389402694,
    0.0007228571389402694,
    0.0007228571389402694,
    0.0007228571389402694,
    0.0007228571389402694,
    0.0007228571389402555,
    0.0007228571389402694,
    0.0007228571389402555,
    0.0007228571389402694,
    0.0007228571389402694,
    0.0007228571389402694,
    0.0007228571389402694,
    0.0007228571389402694,
    0.0007228571389402694,
    0.0007228571389402555,
    0.0007228571389402694,
    0.0007228571389402555,
    0.0007228571389402694,
    0.0007228571389402694,
    0.0007228571389402694,
    0.0007228571389402694,
    0.0007228571389402694,
    0.0007228571389402555,
    0.0007228571389402694,
    0.0007228571389402694,
    0.0007228571389402555,
    0.0007228571389402694,
    0.0007228571389402694,
    0.0007228571389402694,
    0.0007228571389402694,
    0.0007228571389402694,
    0.0007228571389402555,
    0.0007228571389402694,
    0.0007228571389402555,
    0.0007228571389402694,
    0.0007228571389402694,
    0.0007228571389402694,
    0.0007228571389402694,
    0.0007228571389402694,
    0.0007228571389402555,
    0.0007228571389402694,
    0.0007228571389402694,
    0.0007228571389402694,
    0.0007228571389402555,
    0.0007228571389402694,
    0.0007228571389402694,
    0.0007228571389402694,
    0.0007228571389402694,
    0.0007228571389402555,
    0.0007228571389402694,
    0.0007228571389402694,
    0.0007228571389402694,
    0.0007228571389402555,
    0.0007228571389402694,
    0.0007228571389402694,
    0.0007228571389402694,
    0.0007228571389402694,
    0.0007228571389402555,
    0.0007228571389402694,
    0.0007228571389402694,
    0.0007228571389402694,
    0.0007228571389402555,
    0.0007228571389402694,
    0.0007228571389402694,
    0.0007228571389402694,
    0.0007228571389402555,
    0.0007228571389402694,
    0.0007228571389402694,
    0.0007228571389402694,
    0.0007228571389402694,
    0.0007228571389402555,
    0.0007228571389402694,
    0.0007228571389402694,
    0.0007228571389402694,
    0.0007228571389402555,
    0.0007228571389402694,
    0.0007228571389402694,
    0.0007228571389402694,
    0.0007228571389402694,
    0.0007228571389402555,
    0.0007228571389402694,
    0.0007228571389402694,
    0.0007228571389402694,
    0.0007228571389402555,
    0.0007228571389402694,
    0.0007228571389402694,
    0.0007228571389402694,
    0.0007228571389402694,
    0.0007228571389402555,
    0.0007228571389402694,
    0.0007228571389402694,
    0.0007228571389402694,
    0.0007228571389402555,
    0.0007228571389402694,
    0.0007228571389402694,
    0.0007228571389402694,
    0.0007228571389402555,
    0.0007228571389402694,
    0.0007228571389402694,
    0.0007228571389402694,
    0.0007228571389402694,
    0.0007228571389402555,
    0.0007228571389402694,
    0.0007228571389402694,
    0.0007228571389402694,
    0.0007228571389402555,
    0.0007228571389402694,
    0.0007228571389402694,
    0.0007228571389402694,
    0.0007228571389402694,
    0.0007228571389402555,
    0.0007228571389402694,
    0.0007228571389402694,
    0.0007228571389402694,
    0.0007228571389402555,
    0.0007228571389402694,
    0.0007228571389402694,
    0.0007228571389402694,
    0.0007228571389402555,
    0.0007228571389402694,
    0.0007228571389402694,
    0.0007228571389402555,
    0.0007228571389402694,
    0.0007228571389402694,
    0.0007228571389402694,
    0.0007228571389402694,
    0.0007228571389402694,
    0.0007228571389402694,
    0.0007228571389402694,
    0.0007228571389402416,
    0.0007228571389402694,
    0.0007228571389402694,
    0.0007228571389402694,
    0.0007228571389402694,
    0.0007228571389402694,
    0.0007228571389402694,
    0.0007228571389402694,
    0.0007228571389402694,
    0.0007228571389402416,
    0.0007228571389402694,
    0.0007228571389402694,
    0.0007228571389402694,
    0.0007228571389402694,
    0.0007228571389402694,
    0.0007228571389402694,
    0.0007228571389402694,
    0.0007228571389402694,
    0.0007228571389402416,
    0.0007228571389402694,
    0.0007228571389402694,
    0.0007228571389402694,
    0.0007228571389402694,
    0.0007228571389402694,
    0.0007228571389402694,
    0.0007228571389402694,
    0.0007228571389402694,
    0.0007228571389402416,
    0.0007228571389402694,
    0.0007228571389402694,
    0.0007228571389402694,
    0.0007228571389402694,
    0.0007228571389402694,
    0.0007228571389402694,
    0.0007228571389402694,
    0.0007228571389402694,
    0.0007228571389402416,
    0.0007228571389402694,
    0.0007228571389402694,
    0.0007228571389402694,
    0.0007228571389402694,
    0.0007228571389402694,
    0.0007228571389402694,
    0.0007228571389402694,
    0.0007228571389402694,
    0.0007228571389402416,
    0.0007228571389402694,
    0.0007228571389402694,
    0.0007228571389402694,
    0.0007228571389402694,
    0.0007228571389402694,
    0.0007228571389402694,
    0.0007228571389402694,
    0.0007228571389402416,
    0.0007228571389402694,
    0.0007228571389402694,
    0.0007228571389402694,
    0.0007228571389402694,
    0.0007228571389402694,
    0.0007228571389402694,
    0.0007228571389402694,
    0.0007228571389402694,
    0.0007228571389402416,
    0.0007228571389402694,
    0.0007228571389402694,
    0.0007228571389402694,
    0.0007228571389402694,
    0.0007228571389402694,
    0.0007228571389402694,
    0.0007228571389402694,
    0.0007228571389402694,
    0.0007228571389402416,
    0.0007228571389402694,
    0.0007228571389402694,
    0.0007228571389402694,
    0.0007228571389402694,
    0.0007228571389402694,
    0.0007228571389402694,
    0.0007228571389402694,
    0.0007228571389402694,
    0.0007228571389402416,
    0.0007228571389402694,
    0.0007228571389402694,
    0.0007228571389402694,
    0.0007228571389402694,
    0.0007228571389402694,
    0.0007228571389402694,
    0.0007228571389402694,
    0.0007228571389402694,
    0.0007228571389402416,
    0.0007228571389402694,
    0.0007228571389402694,
    0.0007228571389402694,
    0.0007228571389402694,
    0.0007228571389402694,
    0.0007228571389402694,
    0.0007228571389402694,
    0.0007228571389402694,
    0.0007228571389402416,
    0.0007228571389402694,
    0.0007228571389402694,
    0.0007228571389402694,
    0.0007228571389402694,
    0.0007228571389402694,
    0.0007228571389402694,
    0.0007228571389402694,
    0.0007228571389402416,
    0.0007228571389402694,
    0.0007228571389402694,
    0.0007228571389402694,
    0.0007228571389402694,
    0.0007228571389402694,
    0.0007228571389402694,
    0.0007228571389402694,
    0.0007228571389402694,
    0.0007228571389402416,
    0.0007228571389402694,
    0.0007228571389402694,
    0.0007228571389402694,
    0.0007228571389402694,
    0.0007228571389402694,
    0.0007228571389402694,
    0.0007228571389402694,
    0.0007228571389402694,
    0.0007228571389402416,
    0.0007228571389402694,
    0.0007228571389402694,
    0.0007228571389402694,
    0.0007228571389402694,
    0.0007228571389402694,
    0.0007228571389402694,
    0.0007228571389402694,
    0.0007228571389402694,
    0.0007228571389402416,
    0.0007228571389402694,
    0.0007228571389402694,
    0.0007228571389402694,
    0.0007228571389402694,
    0.0007228571389402694,
    0.0007228571389402694,
    0.0007228571389402694,
    0.0007228571389402694,
    0.0007228571389402416,
    0.0007228571389402694,
    0.0007228571389402694,
    0.0007228571389402694,
    0.0007228571389402694,
    0.0007228571389402694,
    0.0007228571389402694,
    0.0007228571389402694,
    0.0007228571389402694,
    0.0007228571389402416,
    0.0007228571389402694,
    0.0007228571389402694,
    0.0007228571389402694,
    0.0007228571389402694,
    0.0007228571389402694,
    0.0007228571389402694,
    0.0007228571389402694,
    0.0007228571389402416,
    0.0007228571389402694,
    0.0007228571389402694,
    0.0007228571389402694,
    0.0007228571389402694,
    0.0007228571389402694,
    0.0007228571389402416,
    0.0007228571389402694,
    0.0007228571389402694,
    0.0007228571389402694,
    0.0007228571389402694
  ],
  "dy": [
    0.0008471421471663854,
    0.0008471421471663854,
    0.0008471421471663992,
    0.0008471421471663854,
    0.0008471421471663854,
    0.0008471421471663854,
    0.0008471421471663992,
    0.0008471421471663854,
    0.0008471421471663854,
    0.0008471421471663854,
    0.0008471421471663854,
    0.0008471421471663992,
    0.0008471421471663854,
    0.0008471421471663854,
    0.0008471421471663854,
    0.0008471421471663992,
    0.0008471421471663854,
    0.0008471421471663854,
    0.0008471421471663854,
    0.0008471421471663854,
    0.0008471421471663854,
    0.0008471421471663992,
    0.0008471421471663854,
    0.0008471421471663854,
    0.0008471421471663992,
    0.0008471421471663854,
    0.0008471421471663854,
    0.0008471421471663854,
    0.0008471421471663854,
    0.0008471421471663854,
    0.0008471421471663992,
    0.0008471421471663854,
    0.0008471421471663854,
    0.0008471421471663992,
    0.0008471421471663854,
    0.0008471421471663854,
    0.0008471421471663854,
    0.0008471421471663854,
    0.0008471421471663854,
    0.0008471421471663992,
    0.0008471421471663854,
    0.0008471421471663854,
    0.0008471421471663992,
    0.0008471421471663854,
    0.0008471421471663854,
    0.0008471421471663854,
    0.0008471421471663854,
    0.0008471421471663854,
    0.0008471421471663854,
    0.0008471421471663992,
    0.0008471421471663854,
    0.0008471421471663992,
    0.0008471421471663854,
    0.0008471421471663854,
    0.0008471421471663854,
    0.0008471421471663854,
    0.0008471421471663923,
    0.0008471421471663854,
    0.0008471421471663923,
    0.0008471421471663854,
    0.0008471421471663923,
    0.0008471421471663854,
    0.0008471421471663923,
    0.0008471421471663854,
    0.0008471421471663854,
    0.0008471421471663923,
    0.0008471421471663854,
    0.0008471421471663923,
    0.0008471421471663854,
    0.0008471421471663923,
    0.0008471421471663854,
    0.0008471421471663923,
    0.0008471421471663854,
    0.0008471421471663854,
    0.0008471421471663854,
    0.0008471421471663992,
    0.0008471421471663854,
    0.0008471421471663854,
    0.0008471421471663854,
    0.0008471421471663992,
    0.0008471421471663854,
    0.0008471421471663854,
    0.0008471421471663854,
    0.0008471421471663854,
    0.0008471421471663992,
    0.0008471421471663854,
    0.0008471421471663854,
    0.0008471421471663854,
    0.0008471421471663854,
    0.0008471421471663992,
    0.0008471421471663854,
    0.0008471421471663854,
    0.0008471421471663854,
    0.0008471421471663992,
    0.0008471421471663854,
    0.0008471421471663854,
    0.0008471421471663854,
    0.0008471421471663854,
    0.0008471421471663992,
    0.0008471421471663854,
    0.0008471421471663854,
    0.0008471421471663854,
    0.0008471421471663992,
    0.0008471421471663854,
    0.0008471421471663854,
    0.0008471421471663854,
    0.0008471421471663854,
    0.0008471421471663992,
    0.0008471421471663854,
    0.0008471421471663854,
    0.0008471421471663854,
    0.0008471421471663854,
    0.0008471421471663992,
    0.0008471421471663854,
    0.0008471421471663854,
    0.0008471421471663854,
    0.0008471421471663992,
    0.0008471421471663854,
    0.0008471421471663854,
    0.0008471421471663854,
    0.0008471421471663854,
    0.0008471421471663992,
    0.0008471421471663854,
    0.0008471421471663854,
    0.0008471421471663854,
    0.0008471421471663992,
    0.0008471421471663854,
    0.0008471421471663854,
    0.0008471421471663854,
    0.0008471421471663854,
    0.0008471421471663992,
    0.0008471421471663854,
    0.0008471421471663854,
    0.0008471421471663854,
    0.0008471421471663992,
    0.0008471421471663854,
    0.0008471421471663854,
    0.0008471421471663854,
    0.0008471421471663854,
    0.0008471421471663992,
    0.0008471421471663854,
    0.0008471421471663854,
    0.0008471421471663854,
    0.0008471421471663992,
    0.0008471421471663854,
    0.0008471421471663854,
    0.0008471421471663854,
    0.0008471421471663854,
    0.0008471421471663854,
    0.0008471421471663854,
    0.0008471421471664131,
    0.0008471421471663854,
    0.0008471421471663854,
    0.0008471421471663854,
    0.0008471421471663854,
    0.0008471421471663854,
    0.0008471421471663854,
    0.0008471421471663854,
    0.0008471421471663854,
    0.0008471421471664131,
    0.0008471421471663854,
    0.0008471421471663854,
    0.0008471421471663854,
    0.0008471421471663854,
    0.0008471421471663854,
    0.0008471421471663854,
    0.0008471421471663854,
    0.0008471421471663854,
    0.0008471421471663854,
    0.0008471421471664131,
    0.0008471421471663854,
    0.0008471421471663854,
    0.0008471421471663854,
    0.0008471421471663854,
    0.0008471421471663854,
    0.0008471421471663854,
    0.0008471421471663854,
    0.0008471421471663854,
    0.0008471421471664131,
    0.0008471421471663854,
    0.0008471421471663854,
    0.0008471421471663854,
    0.0008471421471663854,
    0.0008471421471663854,
    0.0008471421471663854,
    0.0008471421471663854,
    0.0008471421471663854,
    0.0008471421471664131,
    0.0008471421471663854,
    0.0008471421471663854,
    0.0008471421471663854,
    0.0008471421471663854,
    0.0008471421471663854,
    0.0008471421471663854,
    0.0008471421471663854,
    0.0008471421471663854,
    0.0008471421471664131,
    0.0008471421471663854,
    0.0008471421471663854,
    0.0008471421471663854,
    0.0008471421471663854,
    0.0008471421471663854,
    0.0008471421471663854,
    0.0008471421471663854,
    0.0008471421471663854,
    0.0008471421471664131,
    0.0008471421471663854,
    0.0008471421471663854,
    0.0008471421471663854,
    0.0008471421471663854,
    0.0008471421471663854,
    0.0008471421471663854,
    0.0008471421471663854,
    0.0008471421471663854,
    0.0008471421471664131,
    0.0008471421471663854,
    0.0008471421471663854,
    0.0008471421471663854,
    0.0008471421471663854,
    0.0008471421471663854,
    0.0008471421471663854,
    0.0008471421471663854,
    0.0008471421471663854,
    0.0008471421471663854,
    0.0008471421471664131,
    0.0008471421471663854,
    0.0008471421471663854,
    0.0008471421471663854,
    0.0008471421471663854,
    0.0008471421471663854,
    0.0008471421471663854,
    0.0008471421471663854,
    0.0008471421471663854,
    0.0008471421471664131,
    0.0008471421471663854,
    0.0008471421471663854,
    0.0008471421471663854,
    0.0008471421471663854,
    0.0008471421471663854,
    0.0008471421471663854,
    0.0008471421471663854,
    0.0008471421471663854,
    0.0008471421471664131,
    0.0008471421471663854,
    0.0008471421471663854,
    0.0008471421471663854,
    0.0008471421471663854,
    0.0008471421471663854,
    0.0008471421471663854,
    0.0008471421471663854,
    0.0008471421471663854,
    0.0008471421471664131,
    0.0008471421471663854,
    0.0008471421471663854,
    0.0008471421471663854,
    0.0008471421471663854,
    0.0008471421471663854,
    0.0008471421471663854,
    0.0008471421471663854,
    0.0008471421471663854,
    0.0008471421471664131,
    0.0008471421471663854,
    0.0008471421471663854,
    0.0008471421471663854,
    0.0008471421471663854,
    0.0008471421471663854,
    0.0008471421471663854,
    0.0008471421471663854,
    0.0008471421471663854,
    0.0008471421471664131,
    0.0008471421471663854,
    0.0008471421471663854,
    0.0008471421471663854,
    0.0008471421471663854,
    0.0008471421471663854,
    0.0008471421471663854,
    0.0008471421471663854,
    0.0008471421471663854,
    0.0008471421471664131,
    0.0008471421471663854,
    0.0008471421471663854,
    0.0008471421471663854,
    0.0008471421471663854,
    0.0008471421471663854,
    0.0008471421471663854,
    0.0008471421471663854,
    0.0008471421471663854,
    0.0008471421471664131,
    0.0008471421471663854,
    0.0008471421471663854,
    0.0008471421471663854,
    0.0008471421471663854,
    0.0008471421471663854,
    0.0008471421471663854,
    0.0008471421471663854,
    0.0008471421471663854,
    0.0008471421471664131,
    0.0008471421471663576,
    0.0008471421471664131,
    0.0008471421471663576,
    0.0008471421471664131,
    0.0008471421471664131,
    0.0008471421471663576,
    0.0008471421471664131,
    0.0008471421471663576,
    0.0008471421471664131,
    0.0008471421471663576,
    0.0008471421471664131,
    0.0008471421471663576,
    0.0008471421471664131,
    0.0008471421471664131,
    0.0008471421471663576,
    0.0008471421471664131,
    0.0008471421471663576,
    0.0008471421471664131,
    0.0008471421471663576,
    0.0008471421471664131,
    0.0008471421471663576,
    0.0008471421471664131,
    0.0008471421471664131,
    0.0008471421471663576,
    0.0008471421471664131,
    0.0008471421471663576,
    0.0008471421471664131,
    0.0008471421471663576,
    0.0008471421471664131,
    0.0008471421471663576,
    0.0008471421471664131,
    0.0008471421471663576,
    0.0008471421471664131,
    0.0008471421471664131,
    0.0008471421471663576,
    0.0008471421471664131,
    0.0008471421471663576,
    0.0008471421471664131,
    0.0008471421471663576,
    0.0008471421471664131,
    0.0008471421471663576,
    0.0008471421471664131,
    0.0008471421471664131,
    0.0008471421471663576,
    0.0008471421471664131,
    0.0008471421471663576,
    0.0008471421471664131,
    0.0008471421471663576,
    0.0008471421471664131,
    0.0008471421471663576,
    0.0008471421471664131,
    0.0008471421471664131,
    0.0008471421471663576
  ],
  "dz": [
    0.0008815714291163859,
    0.0008815714291163842,
    0.0008815714291163859,
    0.000881571429116385,
    0.000881571429116385,
    0.0008815714291163859,
    0.000881571429116385,
    0.000881571429116385,
    0.0008815714291163859,
    0.0008815714291163842,
    0.0008815714291163859,
    0.0008815714291163859,
    0.0008815714291163842,
    0.0008815714291163859,
    0.0008815714291163842,
    0.0008815714291163859,
    0.0008815714291163859,
    0.0008815714291163859,
    0.0008815714291163824,
    0.0008815714291163859,
    0.0008815714291163859,
    0.0008815714291163859,
    0.0008815714291163859,
    0.0008815714291163859,
    0.0008815714291163824,
    0.0008815714291163859,
    0.0008815714291163859,
    0.0008815714291163859,
    0.0008815714291163859,
    0.0008815714291163824,
    0.0008815714291163859,
    0.0008815714291163859,
    0.0008815714291163859,
    0.0008815714291163859,
    0.0008815714291163824,
    0.0008815714291163894,
    0.0008815714291163859,
    0.000881571429116379,
    0.0008815714291163859,
    0.0008815714291163859,
    0.0008815714291163859,
    0.0008815714291163859,
    0.0008815714291163859,
    0.0008815714291163859,
    0.0008815714291163859,
    0.0008815714291163824,
    0.0008815714291163929,
    0.000881571429116379,
    0.000881571429116379,
    0.0008815714291163929,
    0.000881571429116379,
    0.0008815714291163929,
    0.000881571429116379,
    0.0008815714291163929,
    0.000881571429116379,
    0.0008815714291163929,
    0.000881571429116379,
    0.0008815714291163929,
    0.000881571429116379,
    0.000881571429116379,
    0.0008815714291163929,
    0.000881571429116379,
    0.0008815714291163929,
    0.000881571429116379,
    0.0008815714291163929,
    0.000881571429116379,
    0.0008815714291163929,
    0.000881571429116379,
    0.0008815714291163929,
    0.000881571429116379,
    0.000881571429116379,
    0.0008815714291163929,
    0.000881571429116379,
    0.0008815714291163929,
    0.000881571429116379,
    0.000881571429116379,
    0.0008815714291163929,
    0.000881571429116379,
    0.0008815714291163929,
    0.000881571429116379,
    0.0008815714291163929,
    0.000881571429116379,
    0.0008815714291163929,
    0.000881571429116379,
    0.0008815714291163929,
    0.000881571429116379,
    0.000881571429116379,
    0.0008815714291163929,
    0.000881571429116379,
    0.0008815714291163929,
    0.000881571429116379,
    0.0008815714291163929,
    0.000881571429116379,
    0.0008815714291163929,
    0.000881571429116379,
    0.0008815714291163929,
    0.000881571429116379,
    0.000881571429116379,
    0.0008815714291163929,
    0.000881571429116379,
    0.0008815714291163929,
    0.000881571429116379,
    0.0008815714291163929,
    0.000881571429116379,
    0.0008815714291163929,
    0.000881571429116379,
    0.000881571429116379,
    0.0008815714291163929,
    0.000881571429116379,
    0.0008815714291163929,
    0.000881571429116379,
    0.0008815714291163929,
    0.000881571429116379,
    0.0008815714291163929,
    0.000881571429116379,
    0.0008815714291163929,
    0.000881571429116379,
    0.000881571429116379,
    0.0008815714291163929,
    0.000881571429116379,
    0.0008815714291163929,
    0.000881571429116379,
    0.0008815714291163929,
    0.000881571429116379,
    0.0008815714291163929,
    0.000881571429116379,
    0.0008815714291163929,
    0.000881571429116379,
    0.000881571429116379,
    0.0008815714291163929,
    0.000881571429116379,
    0.0008815714291163929,
    0.000881571429116379,
    0.0008815714291163929,
    0.000881571429116379,
    0.0008815714291163929,
    0.000881571429116379,
    0.0008815714291163929,
    0.000881571429116379,
    0.000881571429116379,
    0.0008815714291163929,
    0.000881571429116379,
    0.000881571429116379,
    0.0008815714291164067,
    0.000881571429116379,
    0.000881571429116379,
    0.000881571429116379,
    0.0008815714291164067,
    0.000881571429116379,
    0.000881571429116379,
    0.000881571429116379,
    0.0008815714291163929,
    0.0008815714291164067,
    0.000881571429116379,
    0.000881571429116379,
    0.000881571429116379,
    0.0008815714291164067,
    0.000881571429116379,
    0.000881571429116379,
    0.000881571429116379,
    0.000881571429116379,
    0.0008815714291164067,
    0.000881571429116379,
    0.000881571429116379,
    0.000881571429116379,
    0.0008815714291164067,
    0.000881571429116379,
    0.000881571429116379,
    0.000881571429116379,
    0.0008815714291164067,
    0.000881571429116379,
    0.000881571429116379,
    0.000881571429116379,
    0.000881571429116379,
    0.0008815714291164067,
    0.000881571429116379,
    0.000881571429116379,
    0.000881571429116379,
    0.0008815714291164067,
    0.000881571429116379,
    0.000881571429116379,
    0.000881571429116379,
    0.000881571429116379,
    0.0008815714291164067,
    0.000881571429116379,
    0.000881571429116379,
    0.000881571429116379,
    0.0008815714291164067,
    0.000881571429116379,
    0.000881571429116379,
    0.000881571429116379,
    0.0008815714291164067,
    0.000881571429116379,
    0.000881571429116379,
    0.000881571429116379,
    0.000881571429116379,
    0.0008815714291164067,
    0.000881571429116379,
    0.000881571429116379,
    0.000881571429116379,
    0.0008815714291164067,
    0.000881571429116379,
    0.000881571429116379,
    0.000881571429116379,
    0.000881571429116379,
    0.0008815714291164067,
    0.000881571429116379,
    0.000881571429116379,
    0.000881571429116379,
    0.0008815714291164067,
    0.000881571429116379,
    0.000881571429116379,
    0.000881571429116379,
    0.000881571429116379,
    0.0008815714291164067,
    0.000881571429116379,
    0.000881571429116379,
    0.000881571429116379,
    0.0008815714291164067,
    0.000881571429116379,
    0.000881571429116379,
    0.000881571429116379,
    0.0008815714291164067,
    0.000881571429116379,
    0.000881571429116379,
    0.000881571429116379,
    0.000881571429116379,
    0.0008815714291164067,
    0.000881571429116379,
    0.000881571429116379,
    0.000881571429116379,
    0.0008815714291164067,
    0.000881571429116379,
    0.000881571429116379,
    0.000881571429116379,
    0.000881571429116379,
    0.0008815714291164067,
    0.000881571429116379,
    0.000881571429116379,
    0.000881571429116379,
    0.0008815714291164067,
    0.000881571429116379,
    0.000881571429116379,
    0.000881571429116379,
    0.0008815714291164067,
    0.000881571429116379,
    0.000881571429116379,
    0.000881571429116379,
    0.000881571429116379,
    0.0008815714291164067,
    0.000881571429116379,
    0.000881571429116379,
    0.000881571429116379,
    0.0008815714291164067,
    0.000881571429116379,
    0.000881571429116379,
    0.000881571429116379,
    0.000881571429116379,
    0.0008815714291164067,
    0.000881571429116379,
    0.000881571429116379,
    0.000881571429116379,
    0.0008815714291164067,
    0.000881571429116379,
    0.000881571429116379,
    0.000881571429116379,
    0.000881571429116379,
    0.0008815714291164067,
    0.000881571429116379,
    0.000881571429116379,
    0.000881571429116379,
    0.0008815714291164067,
    0.000881571429116379,
    0.000881571429116379,
    0.000881571429116379,
    0.0008815714291164067,
    0.000881571429116379,
    0.000881571429116379,
    0.000881571429116379,
    0.000881571429116379,
    0.0008815714291164067,
    0.000881571429116379,
    0.000881571429116379,
    0.000881571429116379,
    0.000881571429116379,
    0.000881571429116379,
    0.0008815714291164345,
    0.000881571429116379,
    0.000881571429116379,
    0.000881571429116379,
    0.000881571429116379,
    0.000881571429116379,
    0.000881571429116379,
    0.000881571429116379,
    0.000881571429116379,
    0.0008815714291164345,
    0.000881571429116379,
    0.000881571429116379,
    0.000881571429116379,
    0.000881571429116379,
    0.000881571429116379,
    0.000881571429116379,
    0.000881571429116379,
    0.000881571429116379,
    0.0008815714291164345,
    0.000881571429116379,
    0.000881571429116379,
    0.000881571429116379,
    0.000881571429116379,
    0.000881571429116379,
    0.000881571429116379,
    0.000881571429116379,
    0.000881571429116379,
    0.0008815714291164345,
    0.000881571429116379,
    0.000881571429116379,
    0.000881571429116379,
    0.000881571429116379,
    0.000881571429116379,
    0.000881571429116379,
    0.000881571429116379,
    0.000881571429116379,
    0.0008815714291164345,
    0.000881571429116379,
    0.000881571429116379,
    0.000881571429116379,
    0.000881571429116379,
    0.000881571429116379,
    0.000881571429116379,
    0.000881571429116379,
    0.000881571429116379,
    0.0008815714291164345,
    0.000881571429116379,
    0.000881571429116379,
    0.000881571429116379,
    0.000881571429116379,
    0.000881571429116379,
    0.000881571429116379,
    0.000881571429116379,
    0.0008815714291164345,
    0.000881571429116379,
    0.000881571429116379,
    0.000881571429116379,
    0.000881571429116379,
    0.000881571429116379,
    0.000881571429116379,
    0.000881571429116379,
    0.000881571429116379,
    0.0008815714291164345,
    0.000881571429116379,
    0.000881571429116379,
    0.000881571429116379,
    0.000881571429116379,
    0.000881571429116379,
    0.000881571429116379,
    0.000881571429116379,
    0.000881571429116379,
    0.0008815714291164345,
    0.000881571429116379,
    0.000881571429116379,
    0.000881571429116379,
    0.000881571429116379,
    0.000881571429116379,
    0.000881571429116379,
    0.000881571429116379,
    0.000881571429116379,
    0.0008815714291164345,
    0.000881571429116379,
    0.000881571429116379,
    0.000881571429116379
  ],
  "xmin": -0.15150000154972076,
  "xmax": 0.1014999970793724,
  "ymin": -0.11014974862337112,
  "ymax": 0.1863500028848648,
  "zmin": -0.008815714291163856,
  "zmax": 0.3173657144818987,
  "stl_solids": {
    "body": "notebooks/clara_stl/012_LHC_WVM_6L2-body.stl",
    "fingers": "notebooks/clara_stl/012_LHC_WVM_6L2-fingers.stl",
    "spring": "notebooks/clara_stl/012_LHC_WVM_6L2-spring.stl",
    "ttube": "notebooks/clara_stl/012_LHC_WVM_6L2-ttube.stl",
    "opening": "notebooks/clara_stl/012_LHC_WVM_6L2-opening.stl"
  },
  "stl_materials": {
    "body": [
      1400000.0,
      1.0,
      1400000.0
    ],
    "fingers": [
      1400000.0,
      1.0,
      1400000.0
    ],
    "spring": [
      1400000.0,
      1.0,
      1400000.0
    ],
    "ttube": [
      1400000.0,
      1.0,
      1400000.0
    ],
    "opening": [
      1.0,
      1.0,
      0.0
    ]
  },
  "stl_scale": 0.001,
  "use_mesh_refinement": false,
  "gridInitializationTime": 820.5120928287506
}
