Simulation Parameters
=====================


## WakeSolver Logs ##
{
  "ti": 2.8516132094735135e-09,
  "q": 1e-09,
  "sigmaz": 0.1,
  "beta": 1.0,
  "xsource": 0.0,
  "ysource": 0.0,
  "xtest": 0.0,
  "ytest": 0.0,
  "chargedist": null,
  "skip_cells": 20,
  "results_folder": "clara_data/SCS_test_shell//SCS2_nocavity_bgVacuum_results/",
  "wakelength": 100.0,
  "simulationTime": 234.21136784553528
}

## Solver Logs ##
{
  "use_gpu": true,
  "use_mpi": false,
  "background": "vacuum",
  "bc_low": [
    "pec",
    "pec",
    "pec"
  ],
  "bc_high": [
    "pec",
    "pec",
    "pec"
  ],
  "dt": "6.9703267e-12",
  "solverInitializationTime": 0.4638075828552246
}

## Grid Logs ##
{
  "Nx": 60,
  "Ny": 60,
  "Nz": 140,
  "dx": [
    0.00866666634877522,
    0.00866666634877522,
    0.008666666348775248,
    0.00866666634877522,
    0.00866666634877522,
    0.008666666348775248,
    0.00866666634877522,
    0.00866666634877522,
    0.00866666634877522,
    0.00866666634877522,
    0.008666666348775248,
    0.00866666634877522,
    0.00866666634877522,
    0.008666666348775248,
    0.00866666634877522,
    0.00866666634877522,
    0.00866666634877522,
    0.00866666634877522,
    0.008666666348775248,
    0.00866666634877522,
    0.00866666634877522,
    0.008666666348775248,
    0.00866666634877522,
    0.00866666634877522,
    0.00866666634877522,
    0.00866666634877522,
    0.008666666348775248,
    0.00866666634877522,
    0.008666666348775248,
    0.00866666634877522,
    0.00866666634877522,
    0.00866666634877522,
    0.00866666634877522,
    0.00866666634877522,
    0.00866666634877522,
    0.00866666634877522,
    0.008666666348775276,
    0.00866666634877522,
    0.00866666634877522,
    0.00866666634877522,
    0.00866666634877522,
    0.00866666634877522,
    0.00866666634877522,
    0.008666666348775276,
    0.00866666634877522,
    0.00866666634877522,
    0.00866666634877522,
    0.00866666634877522,
    0.00866666634877522,
    0.00866666634877522,
    0.00866666634877522,
    0.00866666634877522,
    0.008666666348775276,
    0.00866666634877522,
    0.00866666634877522,
    0.00866666634877522,
    0.00866666634877522,
    0.008666666348775276,
    0.00866666634877522,
    0.00866666634877522
  ],
  "dy": [
    0.00866666634877522,
    0.00866666634877522,
    0.008666666348775248,
    0.00866666634877522,
    0.00866666634877522,
    0.008666666348775248,
    0.00866666634877522,
    0.00866666634877522,
    0.00866666634877522,
    0.00866666634877522,
    0.008666666348775248,
    0.00866666634877522,
    0.00866666634877522,
    0.008666666348775248,
    0.00866666634877522,
    0.00866666634877522,
    0.00866666634877522,
    0.00866666634877522,
    0.008666666348775248,
    0.00866666634877522,
    0.00866666634877522,
    0.008666666348775248,
    0.00866666634877522,
    0.00866666634877522,
    0.00866666634877522,
    0.00866666634877522,
    0.008666666348775248,
    0.00866666634877522,
    0.008666666348775248,
    0.00866666634877522,
    0.00866666634877522,
    0.00866666634877522,
    0.00866666634877522,
    0.00866666634877522,
    0.00866666634877522,
    0.00866666634877522,
    0.008666666348775276,
    0.00866666634877522,
    0.00866666634877522,
    0.00866666634877522,
    0.00866666634877522,
    0.00866666634877522,
    0.00866666634877522,
    0.008666666348775276,
    0.00866666634877522,
    0.00866666634877522,
    0.00866666634877522,
    0.00866666634877522,
    0.00866666634877522,
    0.00866666634877522,
    0.00866666634877522,
    0.00866666634877522,
    0.008666666348775276,
    0.00866666634877522,
    0.00866666634877522,
    0.00866666634877522,
    0.00866666634877522,
    0.008666666348775276,
    0.00866666634877522,
    0.00866666634877522
  ],
  "dz": [
    0.005714285799435198,
    0.005714285799435226,
    0.005714285799435198,
    0.005714285799435198,
    0.005714285799435198,
    0.005714285799435226,
    0.005714285799435198,
    0.005714285799435198,
    0.005714285799435226,
    0.005714285799435198,
    0.005714285799435198,
    0.005714285799435226,
    0.005714285799435198,
    0.005714285799435198,
    0.005714285799435226,
    0.005714285799435198,
    0.005714285799435198,
    0.005714285799435226,
    0.005714285799435198,
    0.005714285799435198,
    0.005714285799435226,
    0.005714285799435198,
    0.005714285799435198,
    0.005714285799435226,
    0.005714285799435198,
    0.005714285799435198,
    0.005714285799435198,
    0.005714285799435226,
    0.005714285799435198,
    0.005714285799435198,
    0.005714285799435226,
    0.005714285799435198,
    0.005714285799435198,
    0.005714285799435226,
    0.005714285799435198,
    0.005714285799435198,
    0.005714285799435226,
    0.005714285799435198,
    0.005714285799435198,
    0.005714285799435198,
    0.005714285799435226,
    0.005714285799435198,
    0.005714285799435198,
    0.005714285799435226,
    0.005714285799435226,
    0.00571428579943517,
    0.005714285799435226,
    0.005714285799435226,
    0.00571428579943517,
    0.005714285799435226,
    0.00571428579943517,
    0.005714285799435226,
    0.005714285799435226,
    0.00571428579943517,
    0.005714285799435226,
    0.005714285799435226,
    0.00571428579943517,
    0.005714285799435226,
    0.005714285799435226,
    0.00571428579943517,
    0.005714285799435226,
    0.005714285799435226,
    0.00571428579943517,
    0.005714285799435226,
    0.005714285799435226,
    0.00571428579943517,
    0.005714285799435226,
    0.005714285799435226,
    0.00571428579943517,
    0.005714285799435226,
    0.005714285799435226,
    0.00571428579943517,
    0.005714285799435226,
    0.005714285799435226,
    0.00571428579943517,
    0.005714285799435226,
    0.005714285799435226,
    0.00571428579943517,
    0.005714285799435226,
    0.00571428579943517,
    0.005714285799435226,
    0.005714285799435226,
    0.00571428579943517,
    0.005714285799435226,
    0.005714285799435226,
    0.00571428579943517,
    0.005714285799435226,
    0.005714285799435226,
    0.005714285799435226,
    0.005714285799435226,
    0.005714285799435115,
    0.005714285799435226,
    0.005714285799435226,
    0.005714285799435226,
    0.005714285799435226,
    0.005714285799435226,
    0.005714285799435115,
    0.005714285799435226,
    0.005714285799435226,
    0.005714285799435226,
    0.005714285799435226,
    0.005714285799435115,
    0.005714285799435226,
    0.005714285799435226,
    0.005714285799435226,
    0.005714285799435226,
    0.005714285799435226,
    0.005714285799435115,
    0.005714285799435226,
    0.005714285799435226,
    0.005714285799435226,
    0.005714285799435226,
    0.005714285799435226,
    0.005714285799435115,
    0.005714285799435226,
    0.005714285799435226,
    0.005714285799435226,
    0.005714285799435226,
    0.005714285799435226,
    0.005714285799435115,
    0.005714285799435226,
    0.005714285799435226,
    0.005714285799435226,
    0.005714285799435226,
    0.005714285799435226,
    0.005714285799435115,
    0.005714285799435226,
    0.005714285799435226,
    0.005714285799435226,
    0.005714285799435226,
    0.005714285799435115,
    0.005714285799435226,
    0.005714285799435226,
    0.005714285799435226,
    0.005714285799435226,
    0.005714285799435226,
    0.005714285799435115,
    0.005714285799435226,
    0.005714285799435226,
    0.005714285799435226
  ],
  "xmin": -0.25999999046325684,
  "xmax": 0.25999999046325684,
  "ymin": -0.25999999046325684,
  "ymax": 0.25999999046325684,
  "zmin": -0.25,
  "zmax": 0.550000011920929,
  "stl_solids": {
    "shell": "notebooks/data/001_lossymetal_shell.stl"
  },
  "stl_materials": {
    "shell": [
      30,
      1.0,
      30
    ]
  },
  "use_mesh_refinement": false,
  "gridInitializationTime": 1.194957971572876
}
